[0.031s] Invoking command in '/home/mbot/mbot_ros_labs/src/build/mbot_nav': CMAKE_PREFIX_PATH=${CMAKE_PREFIX_PATH}:/home/mbot/mbot_ws/install/mbot_vision:/home/mbot/mbot_ws/install/mbot_bringup:/opt/ros/jazzy DEBUGINFOD_URLS=https://debuginfod.ubuntu.com /usr/bin/cmake --build /home/mbot/mbot_ros_labs/src/build/mbot_nav -- -j4 -l4
[0.105s] -- Found ament_cmake: 2.5.4 (/opt/ros/jazzy/share/ament_cmake/cmake)
[0.849s] -- Found rclcpp: 28.1.10 (/opt/ros/jazzy/share/rclcpp/cmake)
[0.899s] -- Found rosidl_generator_c: 4.6.5 (/opt/ros/jazzy/share/rosidl_generator_c/cmake)
[0.916s] -- Found rosidl_generator_cpp: 4.6.5 (/opt/ros/jazzy/share/rosidl_generator_cpp/cmake)
[0.938s] -- Using all available rosidl_typesupport_c: rosidl_typesupport_fastrtps_c;rosidl_typesupport_introspection_c
[1.000s] -- Using all available rosidl_typesupport_cpp: rosidl_typesupport_fastrtps_cpp;rosidl_typesupport_introspection_cpp
[1.167s] -- Found rmw_implementation_cmake: 7.3.2 (/opt/ros/jazzy/share/rmw_implementation_cmake/cmake)
[1.170s] -- Found rmw_fastrtps_cpp: 8.4.2 (/opt/ros/jazzy/share/rmw_fastrtps_cpp/cmake)
[1.342s] -- Using RMW implementation 'rmw_fastrtps_cpp' as default
[1.631s] -- Found nav_msgs: 5.3.6 (/opt/ros/jazzy/share/nav_msgs/cmake)
[1.879s] -- Found tf2_ros: 0.36.12 (/opt/ros/jazzy/share/tf2_ros/cmake)
[2.338s] -- Found tf2_geometry_msgs: 0.36.12 (/opt/ros/jazzy/share/tf2_geometry_msgs/cmake)
[2.376s] -- Found eigen3_cmake_module: 0.3.0 (/opt/ros/jazzy/share/eigen3_cmake_module/cmake)
[2.381s] -- Ensuring Eigen3 include directory is part of orocos-kdl CMake target
[2.392s] -- Found mbot_interfaces: 0.0.0 (/home/mbot/mbot_ws/install/mbot_interfaces/share/mbot_interfaces/cmake)
[2.548s] -- Found ament_lint_auto: 0.17.2 (/opt/ros/jazzy/share/ament_lint_auto/cmake)
[3.388s] -- Added test 'cppcheck' to perform static code analysis on C / C++ code
[3.393s] -- Configured cppcheck include dirs: /home/mbot/mbot_ros_labs/src/mbot_nav/include
[3.393s] -- Configured cppcheck exclude dirs and/or files: 
[3.397s] -- Added test 'flake8' to check Python code syntax and style conventions
[3.402s] -- Configured 'flake8' exclude dirs and/or files: 
[3.403s] -- Added test 'lint_cmake' to check CMake code style
[3.403s] -- Added test 'pep257' to check Python code against some of the docstring style conventions in PEP 257
[3.407s] -- Added test 'uncrustify' to check C / C++ code style
[3.408s] -- Configured uncrustify additional arguments: 
[3.408s] -- Added test 'xmllint' to check XML markup files
[3.408s] -- Configuring done (3.3s)
[3.531s] -- Generating done (0.1s)
[3.585s] -- Build files have been written to: /home/mbot/mbot_ros_labs/src/build/mbot_nav
[3.826s] [ 22%] Built target obstacle_distance_grid
[3.941s] [ 33%] [32mBuilding CXX object CMakeFiles/navigation_node.dir/src/astar.cpp.o[0m
[3.992s] [ 44%] [32mBuilding CXX object CMakeFiles/navigation_node.dir/src/navigation_node.cpp.o[0m
[4.054s] [ 55%] [32mBuilding CXX object CMakeFiles/exploration_node.dir/src/exploration_node.cpp.o[0m
[4.117s] [ 66%] [32mBuilding CXX object CMakeFiles/exploration_node.dir/src/astar.cpp.o[0m
[17.593s] [01m[K/home/mbot/mbot_ros_labs/src/mbot_nav/src/astar.cpp:[m[K In member function ‘[01m[Kmbot_interfaces::msg::Pose2DArray mbot_nav::AStarPlanner::[01;32m[KsmoothPath[m[K(const ObstacleDistanceGrid&, const mbot_interfaces::msg::Pose2DArray&)[m[K’:
[17.593s] [01m[K/home/mbot/mbot_ros_labs/src/mbot_nav/src/astar.cpp:165:12:[m[K [01;35m[Kwarning: [m[Kunused variable ‘[01m[Klast_idx[m[K’ [[01;35m[K]8;;https://gcc.gnu.org/onlinedocs/gcc/Warning-Options.html#index-Wunused-variable-Wunused-variable]8;;[m[K]
[17.593s]   165 |     size_t [01;35m[Klast_idx[m[K = 0;
[17.593s]       |            [01;35m[K^~~~~~~~[m[K
[19.769s] [01m[K/home/mbot/mbot_ros_labs/src/mbot_nav/src/astar.cpp:[m[K In member function ‘[01m[Kmbot_interfaces::msg::Pose2DArray mbot_nav::AStarPlanner::[01;32m[KsmoothPath[m[K(const ObstacleDistanceGrid&, const mbot_interfaces::msg::Pose2DArray&)[m[K’:
[19.770s] [01m[K/home/mbot/mbot_ros_labs/src/mbot_nav/src/astar.cpp:165:12:[m[K [01;35m[Kwarning: [m[Kunused variable ‘[01m[Klast_idx[m[K’ [[01;35m[K]8;;https://gcc.gnu.org/onlinedocs/gcc/Warning-Options.html#index-Wunused-variable-Wunused-variable]8;;[m[K]
[19.770s]   165 |     size_t [01;35m[Klast_idx[m[K = 0;
[19.770s]       |            [01;35m[K^~~~~~~~[m[K
[46.992s] [ 77%] [32m[1mLinking CXX executable exploration_node[0m
[49.586s] [ 88%] Built target exploration_node
[55.239s] [100%] [32m[1mLinking CXX executable navigation_node[0m
[57.283s] [100%] Built target navigation_node
