[0.034s] Invoking command in '/home/mbot/mbot_ros_labs/src/build/mbot_setpoint': CMAKE_PREFIX_PATH=${CMAKE_PREFIX_PATH}:/home/mbot/mbot_ws/install/mbot_vision:/home/mbot/mbot_ws/install/mbot_bringup:/opt/ros/jazzy DEBUGINFOD_URLS=https://debuginfod.ubuntu.com /usr/bin/cmake --build /home/mbot/mbot_ros_labs/src/build/mbot_setpoint -- -j4 -l4
[0.105s] -- Found ament_cmake: 2.5.4 (/opt/ros/jazzy/share/ament_cmake/cmake)
[0.792s] -- Found rclcpp: 28.1.10 (/opt/ros/jazzy/share/rclcpp/cmake)
[0.858s] -- Found rosidl_generator_c: 4.6.5 (/opt/ros/jazzy/share/rosidl_generator_c/cmake)
[0.878s] -- Found rosidl_generator_cpp: 4.6.5 (/opt/ros/jazzy/share/rosidl_generator_cpp/cmake)
[0.902s] -- Using all available rosidl_typesupport_c: rosidl_typesupport_fastrtps_c;rosidl_typesupport_introspection_c
[0.929s] -- Using all available rosidl_typesupport_cpp: rosidl_typesupport_fastrtps_cpp;rosidl_typesupport_introspection_cpp
[1.050s] -- Found rmw_implementation_cmake: 7.3.2 (/opt/ros/jazzy/share/rmw_implementation_cmake/cmake)
[1.053s] -- Found rmw_fastrtps_cpp: 8.4.2 (/opt/ros/jazzy/share/rmw_fastrtps_cpp/cmake)
[1.190s] -- Using RMW implementation 'rmw_fastrtps_cpp' as default
[1.347s] -- Found geometry_msgs: 5.3.6 (/opt/ros/jazzy/share/geometry_msgs/cmake)
[1.476s] -- Found visualization_msgs: 5.3.6 (/opt/ros/jazzy/share/visualization_msgs/cmake)
[1.696s] -- Found nav_msgs: 5.3.6 (/opt/ros/jazzy/share/nav_msgs/cmake)
[1.810s] -- Found tf2: 0.36.12 (/opt/ros/jazzy/share/tf2/cmake)
[1.829s] -- Found tf2_msgs: 0.36.12 (/opt/ros/jazzy/share/tf2_msgs/cmake)
[2.061s] -- Found tf2_geometry_msgs: 0.36.12 (/opt/ros/jazzy/share/tf2_geometry_msgs/cmake)
[2.076s] -- Found eigen3_cmake_module: 0.3.0 (/opt/ros/jazzy/share/eigen3_cmake_module/cmake)
[2.084s] -- Ensuring Eigen3 include directory is part of orocos-kdl CMake target
[2.212s] -- Found mbot_interfaces: 0.0.0 (/home/mbot/mbot_ws/install/mbot_interfaces/share/mbot_interfaces/cmake)
[2.624s] -- Configuring done (2.5s)
[2.764s] -- Generating done (0.1s)
[2.813s] -- Build files have been written to: /home/mbot/mbot_ros_labs/src/build/mbot_setpoint
[3.004s] [ 12%] [32mBuilding CXX object CMakeFiles/square_publisher.dir/src/square_publisher.cpp.o[0m
[3.030s] [ 25%] [32mBuilding CXX object CMakeFiles/maze_publisher.dir/src/maze_publisher.cpp.o[0m
[3.033s] [ 37%] [32mBuilding CXX object CMakeFiles/motion_controller_diff.dir/src/motion_controller_diff.cpp.o[0m
[3.047s] [ 50%] [32mBuilding CXX object CMakeFiles/odom.dir/src/odom.cpp.o[0m
[26.174s] [ 62%] [32m[1mLinking CXX executable maze_publisher[0m
[27.549s] [ 62%] Built target maze_publisher
[33.689s] [ 75%] [32m[1mLinking CXX executable square_publisher[0m
[34.575s] [ 75%] Built target square_publisher
[44.853s] [ 87%] [32m[1mLinking CXX executable odom[0m
[47.476s] [ 87%] Built target odom
[50.418s] [100%] [32m[1mLinking CXX executable motion_controller_diff[0m
[52.190s] [100%] Built target motion_controller_diff
