In file included from [01m[K/home/mbot/mbot_ros_labs/src/mbot_nav/src/astar.cpp:1[m[K:
[01m[K/home/mbot/mbot_ros_labs/src/mbot_nav/include/astar.hpp:5:10:[m[K [01;31m[Kfatal error: [m[Kmbot_interfaces/msg/pose2_d_array.hpp: No such file or directory
    5 | #include [01;31m[K"mbot_interfaces/msg/pose2_d_array.hpp"[m[K
      |          [01;31m[K^~~~~~~~~~~~~~~~~~~~~~~~~~~~~~~~~~~~~~~[m[K
compilation terminated.
gmake[2]: *** [CMakeFiles/navigation_node.dir/build.make:90: CMakeFiles/navigation_node.dir/src/astar.cpp.o] Error 1
gmake[2]: *** Waiting for unfinished jobs....
In file included from [01m[K/home/mbot/mbot_ros_labs/src/mbot_nav/src/astar.cpp:1[m[K:
[01m[K/home/mbot/mbot_ros_labs/src/mbot_nav/include/astar.hpp:5:10:[m[K [01;31m[Kfatal error: [m[Kmbot_interfaces/msg/pose2_d_array.hpp: No such file or directory
    5 | #include [01;31m[K"mbot_interfaces/msg/pose2_d_array.hpp"[m[K
      |          [01;31m[K^~~~~~~~~~~~~~~~~~~~~~~~~~~~~~~~~~~~~~~[m[K
compilation terminated.
gmake[2]: *** [CMakeFiles/exploration_node.dir/build.make:90: CMakeFiles/exploration_node.dir/src/astar.cpp.o] Error 1
gmake[2]: *** Waiting for unfinished jobs....
In file included from [01m[K/home/mbot/mbot_ros_labs/src/mbot_nav/src/navigation_node.cpp:1[m[K:
[01m[K/home/mbot/mbot_ros_labs/src/mbot_nav/include/navigation_node.hpp:9:10:[m[K [01;31m[Kfatal error: [m[Kmbot_interfaces/msg/pose2_d_array.hpp: No such file or directory
    9 | #include [01;31m[K"mbot_interfaces/msg/pose2_d_array.hpp"[m[K
      |          [01;31m[K^~~~~~~~~~~~~~~~~~~~~~~~~~~~~~~~~~~~~~~[m[K
compilation terminated.
gmake[2]: *** [CMakeFiles/navigation_node.dir/build.make:76: CMakeFiles/navigation_node.dir/src/navigation_node.cpp.o] Error 1
gmake[1]: *** [CMakeFiles/Makefile2:167: CMakeFiles/navigation_node.dir/all] Error 2
gmake[1]: *** Waiting for unfinished jobs....
In file included from [01m[K/home/mbot/mbot_ros_labs/src/mbot_nav/src/exploration_node.cpp:1[m[K:
[01m[K/home/mbot/mbot_ros_labs/src/mbot_nav/include/exploration_node.hpp:7:10:[m[K [01;31m[Kfatal error: [m[Kmbot_interfaces/msg/pose2_d_array.hpp: No such file or directory
    7 | #include [01;31m[K"mbot_interfaces/msg/pose2_d_array.hpp"[m[K
      |          [01;31m[K^~~~~~~~~~~~~~~~~~~~~~~~~~~~~~~~~~~~~~~[m[K
compilation terminated.
gmake[2]: *** [CMakeFiles/exploration_node.dir/build.make:76: CMakeFiles/exploration_node.dir/src/exploration_node.cpp.o] Error 1
gmake[1]: *** [CMakeFiles/Makefile2:193: CMakeFiles/exploration_node.dir/all] Error 2
gmake: *** [Makefile:146: all] Error 2
