[0.040s] Invoking command in '/home/mbot/mbot_ros_labs/src/build/mbot_setpoint': CMAKE_PREFIX_PATH=${CMAKE_PREFIX_PATH}:/home/mbot/mbot_ws/install/mbot_vision:/home/mbot/mbot_ws/install/mbot_bringup:/opt/ros/jazzy DEBUGINFOD_URLS=https://debuginfod.ubuntu.com /usr/bin/cmake /home/mbot/mbot_ros_labs/src/mbot_setpoint -DCMAKE_INSTALL_PREFIX=/home/mbot/mbot_ros_labs/src/install/mbot_setpoint
[0.192s] -- The C compiler identification is GNU 13.3.0
[0.402s] -- The CXX compiler identification is GNU 13.3.0
[0.444s] -- Detecting C compiler ABI info
[0.823s] -- Detecting C compiler ABI info - done
[0.841s] -- Check for working C compiler: /usr/bin/cc - skipped
[0.843s] -- Detecting C compile features
[0.844s] -- Detecting C compile features - done
[0.864s] -- Detecting CXX compiler ABI info
[1.131s] -- Detecting CXX compiler ABI info - done
[1.148s] -- Check for working CXX compiler: /usr/bin/c++ - skipped
[1.148s] -- Detecting CXX compile features
[1.150s] -- Detecting CXX compile features - done
[1.159s] -- Found ament_cmake: 2.5.4 (/opt/ros/jazzy/share/ament_cmake/cmake)
[1.468s] -- Found Python3: /usr/bin/python3 (found version "3.12.3") found components: Interpreter 
[1.720s] -- Found rclcpp: 28.1.10 (/opt/ros/jazzy/share/rclcpp/cmake)
[1.824s] -- Found rosidl_generator_c: 4.6.5 (/opt/ros/jazzy/share/rosidl_generator_c/cmake)
[1.858s] -- Found rosidl_generator_cpp: 4.6.5 (/opt/ros/jazzy/share/rosidl_generator_cpp/cmake)
[1.895s] -- Using all available rosidl_typesupport_c: rosidl_typesupport_fastrtps_c;rosidl_typesupport_introspection_c
[1.935s] -- Using all available rosidl_typesupport_cpp: rosidl_typesupport_fastrtps_cpp;rosidl_typesupport_introspection_cpp
[2.086s] -- Found rmw_implementation_cmake: 7.3.2 (/opt/ros/jazzy/share/rmw_implementation_cmake/cmake)
[2.095s] -- Found rmw_fastrtps_cpp: 8.4.2 (/opt/ros/jazzy/share/rmw_fastrtps_cpp/cmake)
[2.278s] -- Found OpenSSL: /usr/lib/aarch64-linux-gnu/libcrypto.so (found version "3.0.13")  
[2.315s] -- Found FastRTPS: /opt/ros/jazzy/include (Required is at least version "2.13") 
[2.358s] -- Using RMW implementation 'rmw_fastrtps_cpp' as default
[2.495s] -- Found geometry_msgs: 5.3.6 (/opt/ros/jazzy/share/geometry_msgs/cmake)
[2.552s] -- Found visualization_msgs: 5.3.6 (/opt/ros/jazzy/share/visualization_msgs/cmake)
[2.645s] -- Found nav_msgs: 5.3.6 (/opt/ros/jazzy/share/nav_msgs/cmake)
[2.686s] -- Found tf2: 0.36.12 (/opt/ros/jazzy/share/tf2/cmake)
[2.698s] -- Found tf2_msgs: 0.36.12 (/opt/ros/jazzy/share/tf2_msgs/cmake)
[2.788s] -- Found tf2_geometry_msgs: 0.36.12 (/opt/ros/jazzy/share/tf2_geometry_msgs/cmake)
[2.828s] -- Found eigen3_cmake_module: 0.3.0 (/opt/ros/jazzy/share/eigen3_cmake_module/cmake)
[2.830s] -- Found Eigen3: TRUE (found version "3.4.0") 
[2.831s] -- Ensuring Eigen3 include directory is part of orocos-kdl CMake target
[2.959s] -- Found mbot_interfaces: 0.0.0 (/home/mbot/mbot_ws/install/mbot_interfaces/share/mbot_interfaces/cmake)
[3.175s] -- Configuring done (3.1s)
[3.228s] -- Generating done (0.0s)
[3.249s] -- Build files have been written to: /home/mbot/mbot_ros_labs/src/build/mbot_setpoint
